#-----------------------------------------------------------
# PlanAhead v14.7 (64-bit)
# Build 321239 by xbuild on Fri Sep 27 19:29:51 MDT 2013
# Start of session at: Mon Jan 29 11:12:08 2024
# Process ID: 2744
# Log file: D:/proj/logicproj/planAhead_run_1/planAhead.log
# Journal file: D:/proj/logicproj/planAhead_run_1/planAhead.jou
#-----------------------------------------------------------
start_gui
source D:/proj/logicproj/pa.fromNetlist.tcl
startgroup
set_property package_pin P183 [get_ports {action1[2]}]
endgroup
startgroup
set_property package_pin P182 [get_ports {action1[1]}]
endgroup
startgroup
set_property package_pin P181 [get_ports {action1[0]}]
endgroup
startgroup
set_property package_pin P165 [get_ports {action2[2]}]
endgroup
startgroup
set_property package_pin P162 [get_ports {action2[1]}]
endgroup
startgroup
set_property package_pin P161 [get_ports {action2[0]}]
endgroup
startgroup
set_property package_pin P48 [get_ports {state1[2]}]
endgroup
startgroup
set_property package_pin P50 [get_ports {state1[1]}]
endgroup
startgroup
set_property package_pin P51 [get_ports {state1[0]}]
endgroup
startgroup
set_property package_pin P61 [get_ports {state2[2]}]
endgroup
startgroup
set_property package_pin P62 [get_ports {state2[1]}]
endgroup
startgroup
set_property package_pin P63 [get_ports {state2[0]}]
endgroup
startgroup
set_property package_pin P42 [get_ports firstWin]
endgroup
startgroup
set_property package_pin P71 [get_ports secondWin]
endgroup
startgroup
set_property package_pin P189 [get_ports resetGame]
endgroup
startgroup
set_property package_pin P190 [get_ports actionEnable]
endgroup
startgroup
set_property package_pin P184 [get_ports clk]
endgroup
startgroup
set_property package_pin P10 [get_ports {SEG_DATA[0]}]
endgroup
startgroup
set_property package_pin P7 [get_ports {SEG_DATA[1]}]
endgroup
startgroup
set_property package_pin P11 [get_ports {SEG_DATA[2]}]
endgroup
startgroup
set_property package_pin P5 [get_ports {SEG_DATA[3]}]
endgroup
startgroup
set_property package_pin P4 [get_ports {SEG_DATA[4]}]
endgroup
startgroup
set_property package_pin P12 [get_ports {SEG_DATA[5]}]
endgroup
startgroup
set_property package_pin P9 [get_ports {SEG_DATA[6]}]
endgroup
startgroup
set_property package_pin P3 [get_ports {SEG_DATA[7]}]
endgroup
startgroup
set_property package_pin P15 [get_ports {SEG_SEL[0]}]
endgroup
startgroup
set_property package_pin P20 [get_ports {SEG_SEL[1]}]
endgroup
startgroup
set_property package_pin P19 [get_ports {SEG_SEL[2]}]
endgroup
startgroup
set_property package_pin P18 [get_ports {SEG_SEL[3]}]
endgroup
save_constraints
